[m.dana.id/m/ipg/new/inputphone98b0.html]
[backblue.gif]
[fade.gif]
[index.html]
[a.m.dana.id/marmot/resource/danalibs/1.19.1/vendor.ede5dbab92f35eb1430a.js]
[a.m.dana.id/marmot/resource/danafonts/0.0.4/font.2894c24bce20fd85f975.js]
[a.m.dana.id/marmot/resource/danafonts/0.0.4/font.6861d8ab9aba99405f2ca04e1c2cab81.css]
[m.dana.id/m/portal/1.126.0/common-vendor.b09643e34d411bf21d43.js]
[m.dana.id/m/portal/1.126.0/3rd-party-vendor.4178bf42df1a972f677b.js]
[m.dana.id/m/portal/1.126.0/app.a933785278a702f0ef0769a6be3f7a34.css]
[a.m.dana.id/resource/libs/apdid.1.0.16.js]
[a.m.dana.id/resource/libs/sec/loader.js]
[m.dana.id/m/portal/1.126.0/app.944e2a9f075f72b0c630.js]
[m.dana.id/_sec/cp_challenge/sec-3-9.css]
[m.dana.id/_sec/cp_challenge/sec-cpt-3-9.js]
[m.dana.id/m/ipg/new/inputphone98b0.html]
[a.m.dana.id/marmot/resource/danafonts/0.0.4/font.6861d8ab9aba99405f2ca04e1c2cab81.css]
[m.dana.id/m/portal/1.126.0/app.a933785278a702f0ef0769a6be3f7a34.css]
[m.dana.id/m/ipg/new/ak.html]
[m.dana.id/m/ipg/new/ak-2.html]
[m.dana.id/_sec/cp_challenge/sec-3-9.css]
